[slither.io/index.html]
[backblue.gif]
[fade.gif]
[index.html]
[slither.io/s/fbthumb3.jpg]
[slither.io/s/favicon.png]
[slither.io/s/facebook.png]
[slither.io/s/twitter3.png]
[slither.io/s/changeskin2.png]
[slither.io/s/entercode4.png]
[slither.io/s/buildskin.png]
[slither.io/s/selectcosmetic2.png]
[slither.io/s/highquality.png]
[slither.io/s/prev3.png]
[slither.io/privacy/index.html]
[slither.io/s/next3.png]
[slither.io/contact/index.html]
[slither.io/index.html]
[slither.io/s/overlap.png]
[slither.io/privacy/index.html]
[slither.io/contact/contact.1.2.css]
[slither.io/contact/head.png]
[slither.io/contact/tw.png]
[slither.io/contact/fb.png]
[slither.io/contact/yt.png]
[slither.io/s/game832434.js]
[slither.io/contact/ig.png]
[slither.io/cdn-cgi/l/email-protection.html]
[slither.io/cdn-cgi/scripts/5c5dd728/cloudflare-static/email-decode.min.js]
[slither.io/contact/index.html]
[slither.io/contact/contact.1.2.js]
[slither.io/contact/contact.1.2.css]
[slither.io/cdn-cgi/l/email-protection.html]
